{
  "startTime": 1300.0,
  "baseDate": {
    "year": 2024,
    "month": 1,
    "day": 12
  },
  "version": "4.2.0"
}